-20
0.25
-1.15
0.8
-0.75
2.45
-1.4
0.25
-0.35
0.2
